C51 COMPILER V9.00   GUI                                                                   07/25/2016 13:42:59 PAGE 1   


C51 COMPILER V9.00, COMPILATION OF MODULE GUI
OBJECT MODULE PLACED IN gui.OBJ
COMPILER INVOKED BY: E:\Keil\C51\Bin\C51.exe gui.c DB OE INCDIR(E:\Keil\C51\INC;E:\Keil\C51\INC)

line level    source

   1          #include"gui.h"
   2          
   3          //---汉字的字库头文件---//
   4          #include"charcode.h"
   5          
   6          //---如果要显示图片就添加这个头文件---//
   7          #ifdef PICTURE_SHOW
              
              #include"picture.h"
              
              #endif
  12          
  13          /****************************************************************************
  14          *函数名：GUI_Dot
  15          *输  入：x：点的X坐标；
  16          *      * y：点的Y坐标
  17          *      * color：点的颜色
  18          *输  出：
  19          *功  能：给单个像素涂上颜色。
  20          ****************************************************************************/     
  21          
  22          void GUI_Dot(uint x, uint y, uint color)
  23          {  
  24   1              uchar i;
  25   1      
  26   1              TFT_SetWindow(x-1, y, x+2, y+2);  //单个像素
  27   1      
  28   1              for(i=0; i<16; i++)
  29   1              {
  30   2                      TFT_WriteColorData(color)       ;
  31   2                      //TFT_WriteData(color);
  32   2              }
  33   1      }
  34          
  35          ///****************************************************************************
  36          //*函数名：GUI_Box
  37          //*输  入：sx：起始X坐标, sy：其实Y坐标, 
  38          //*      * ex：终止X坐标, ey：终止Y坐标,
  39          //*      * color：方框的颜色
  40          //*输  出：
  41          //*功  能：给一个区域涂上颜色。
  42          //****************************************************************************/   
  43          //void GUI_Box(uint sx, uint sy, uchar ex, uint ey, uint color)
  44          //{ 
  45          //      uint temp;   
  46          //      TFT_SetWindow(sx, sy, ex, ey); 
  47          //  sx = ex - sx + 1;
  48          //      sy = ey - sy + 1;
  49          //      while (sx--)
  50          //      {
  51          //              temp = sy;
  52          //              while (temp--)
  53          //              {       
  54          //                      TFT_WriteData(color);
  55          //              }
C51 COMPILER V9.00   GUI                                                                   07/25/2016 13:42:59 PAGE 2   

  56          //      }
  57          //}
  58          
  59          /****************************************************************************
  60          *函数名：GUI_Line 
  61          *输  入：xStart：线的起始X坐标,
  62          *      * yStart：线的其实Y坐标,
  63          *      * xEnd：线的终止X坐标,
  64          *      * yEnd：线的终止Y坐标,
  65          *      * color：线条的颜色
  66          *输  出：
  67          *功  能：画一条直线
  68          ****************************************************************************/     
  69          
  70          void GUI_Line(uint xStart, uint yStart, uchar xEnd, uint yEnd, uint color)
  71          {
  72   1              uint t;  
  73   1              int xerr = 0, yerr = 0, delta_x, delta_y, distance;  
  74   1              int incx, incy;  
  75   1              uint row, col;  
  76   1              delta_x = xEnd - xStart;//计算坐标增量  
  77   1              delta_y = yEnd - yStart;  
  78   1              col = xStart;  
  79   1              row = yStart;  
  80   1              if (delta_x > 0)
  81   1              {
  82   2                      incx=1;//设置单步方向
  83   2              }         
  84   1              else    
  85   1              {  
  86   2                  if (delta_x == 0)
  87   2                      {
  88   3                              incx = 0;//垂直线 
  89   3                      }                
  90   2                  else 
  91   2                              {
  92   3                                      incx = -1;
  93   3                                      delta_x = -delta_x;
  94   3                              }  
  95   2              }  
  96   1              if (delta_y > 0)
  97   1              {
  98   2                      incy = 1;
  99   2              }         
 100   1              else  
 101   1              {  
 102   2                  if (delta_y == 0)
 103   2                      {
 104   3                              incy = 0;//水平线  
 105   3                      } 
 106   2                  else 
 107   2                      {
 108   3                              incy = -1;
 109   3                              delta_y = -delta_y;
 110   3                      }  
 111   2              }  
 112   1              if (delta_x > delta_y)
 113   1              { 
 114   2                      distance = delta_x;//选取基本增量坐标轴  
 115   2              }
 116   1              else
 117   1              {
C51 COMPILER V9.00   GUI                                                                   07/25/2016 13:42:59 PAGE 3   

 118   2                      distance = delta_y; 
 119   2              }       
 120   1              for (t=0; t<=distance+1; t++)  
 121   1              {                                     //画线输出  
 122   2                  GUI_Dot(col, row, color);
 123   2                  xerr += delta_x;  
 124   2                  yerr += delta_y;  
 125   2                      if(xerr > distance)  
 126   2                  {  
 127   3                      xerr -= distance;  
 128   3                      col += incx;  
 129   3                  }  
 130   2                  if(yerr > distance)  
 131   2                  {  
 132   3                      yerr -= distance;  
 133   3                      row += incy;  
 134   3                  }  
 135   2              }  
 136   1      }
 137          
 138          /****************************************************************************
 139          *函数名：GUI_WriteCnChar 
 140          *输  入：x：显示起始X坐标
 141          *      * y：显示起始Y坐标
 142          *      * *cn：要显示的字符串
 143          *      * wordColor：字体的颜色
 144          *      * backColor：背景颜色
 145          *输  出：
 146          *功  能：写二号楷体汉字
 147          ****************************************************************************/     
 148          
 149          #ifdef CHAR32_SHOW
 150          
 151          void GUI_Write32CnChar(uint x, uint y, uchar *cn, uint wordColor, uint backColor)        
 152          {  
 153   1              uchar i, j, wordNum;
 154   1              uint color;
 155   1              while (*cn != '\0')
 156   1              {
 157   2                      TFT_SetWindow(x, y, x+31, y+28);
 158   2                      for (wordNum=0; wordNum<20; wordNum++)
 159   2                      {       //wordNum扫描字库的字数
 160   3                              if ((CnChar32x29[wordNum].Index[0]==*cn)
 161   3                                   &&(CnChar32x29[wordNum].Index[1]==*(cn+1)))
 162   3                              {
 163   4                                      for(i=0; i<116; i++) 
 164   4                                      {       //MSK的位数
 165   5                                              color=CnChar32x29[wordNum].Msk[i];
 166   5                                              for(j=0;j<8;j++) 
 167   5                                              {
 168   6                                                      if((color&0x80)==0x80)
 169   6                                                      {
 170   7                                                              //TFT_WriteData(wordColor);
 171   7                                                              TFT_WriteColorData(wordColor);
 172   7                                                      }                                               
 173   6                                                      else
 174   6                                                      {
 175   7                                                              //TFT_WriteData(backColor);
 176   7                                                              TFT_WriteColorData(backColor);
 177   7                                                      } 
 178   6                                                      color<<=1;
 179   6                                              }//for(j=0;j<8;j++)结束
C51 COMPILER V9.00   GUI                                                                   07/25/2016 13:42:59 PAGE 4   

 180   5                                      }    
 181   4                              }
 182   3                      } //for (wordNum=0; wordNum<20; wordNum++)结束  
 183   2                      cn += 2;
 184   2                      x += 32;
 185   2              }
 186   1      }
 187          #endif
 188          
 189          /****************************************************************************
 190          *函数名：GUI_WriteEnChar 
 191          *输  入：x：显示起始X坐标
 192          *      * y：显示起始Y坐标
 193          *      * *cn：要显示的字符串
 194          *      * wordColor：字体的颜色
 195          *      * backColor：背景颜色
 196          *输  出：
 197          *功  能：写四号字字母
 198          ****************************************************************************/     
 199          #ifdef CHAR14_SHOW
              
              void GUI_Write14CnChar(uint x,uint y,uchar *cn,uint wordColor,uint backColor)    
              {  
                      uchar i, j, wordNum;
                      uint color;
                      while (*cn != '\0')
                      {
                              TFT_SetWindow(x, y, x+23, y+18);
                              for (wordNum=0; wordNum<20; wordNum++)
                              {       //wordNum扫描字库的字数
                                      if ((CnChar19x24[wordNum].Index[0]==*cn)
                                           &&(CnChar19x24[wordNum].Index[1]==*(cn+1)))
                                      {
                                              for(i=0; i<57; i++) 
                                              {       //MSK的位数
                                                      color=CnChar19x24[wordNum].Msk[i];
                                                      for(j=0;j<8;j++) 
                                                      {
                                                              if((color&0x80)==0x80)
                                                              {
                                                                      TFT_WriteData(wordColor);
                                                              }                                               
                                                              else
                                                              {
                                                                      TFT_WriteData(backColor);
                                                              } 
                                                              color<<=1;
                                                      }//for(j=0;j<8;j++)结束
                                              }    
                                      }
                              } //for (wordNum=0; wordNum<20; wordNum++)结束  
                              cn += 2;
                              x += 24;
                      }
              }
              
              #endif 
 237          /****************************************************************************
 238          *函数名：GUI_WriteASCII 
 239          *输  入：x：显示起始X坐标
 240          *      * y：显示起始Y坐标
 241          *      * *p：要显示的字符串
C51 COMPILER V9.00   GUI                                                                   07/25/2016 13:42:59 PAGE 5   

 242          *      * wordColor：字体的颜色
 243          *      * backColor：背景颜色
 244          *输  出：
 245          *功  能：写16X24的ASCII字符
 246          ****************************************************************************/     
 247          
 248          #ifdef USE_ASCII
 249          
 250          void GUI_WriteASCII(uint x, uint y, uchar *p, uint wordColor, uint backColor)
 251          {
 252   1              uchar j, wordByte,wordNum;
 253   1              uint color;
 254   1              while(*p != '\0')
 255   1              {
 256   2                      wordNum = *p - 32;
 257   2                      TFT_SetWindow(x,y,x+15, y+23);
 258   2                      for (wordByte=0; wordByte<48; wordByte++)
 259   2                      {
 260   3                              color = ASCII16x24[wordNum][wordByte];
 261   3                              for (j=0; j<8; j++) 
 262   3                              {
 263   4                                      if ((color&0x80) == 0x80)
 264   4                                      {
 265   5                                              //TFT_WriteData(wordColor);
 266   5                                              TFT_WriteColorData(wordColor);
 267   5                                      }                                               
 268   4                                      else
 269   4                                      {
 270   5                                              TFT_WriteColorData(backColor);  
 271   5                                              //TFT_WriteData(backColor);
 272   5                                      }       
 273   4                                      color <<= 1;
 274   4                              }
 275   3                      }
 276   2                      p++;
 277   2                      x +=16;
 278   2              }
 279   1      }
 280          #endif
 281          
 282          /****************************************************************************
 283          *函数名：GUI_ShowPicture 
 284          *输  入：x：显示起始X坐标
 285          *      * y：显示起始Y坐标
 286          *      * wide：图片的宽度
 287          *      * high：图片的高度
 288          *输  出：
 289          *功  能：画一条直线
 290          ****************************************************************************/     
 291          #ifdef PICTURE_SHOW
              
              void GUI_ShowPicture(uint x, uint y, uchar wide, uint high)
              {
                      uint temp = 0, tmp = 0, num = 0;
                      TFT_SetWindow(x, y, x+wide-1, y+high-1);
                      num = wide * high * 2;
                      do
                      {  
                              temp = pic[tmp + 1];
                              temp = temp << 8;
                              temp = temp | pic[tmp];
                              TFT_WriteData(temp);//逐点显示
C51 COMPILER V9.00   GUI                                                                   07/25/2016 13:42:59 PAGE 6   

                              tmp += 2;
                      }
                      while(tmp < num);       
              }
              
              #endif
 310          
 311          
 312          
 313          
 314          
 315          
 316          
 317          
 318          
 319          
 320          
 321          
 322          
 323          
 324          


MODULE INFORMATION:   STATIC OVERLAYABLE
   CODE SIZE        =    807    ----
   CONSTANT SIZE    =   7204    ----
   XDATA SIZE       =   ----    ----
   PDATA SIZE       =   ----    ----
   DATA SIZE        =   ----      64
   IDATA SIZE       =   ----    ----
   BIT SIZE         =   ----    ----
END OF MODULE INFORMATION.


C51 COMPILATION COMPLETE.  0 WARNING(S),  0 ERROR(S)
